// Jest Snapshot v1, https://goo.gl/fbAQLP

exports[`renders correctly 1`] = `
<div
  className="AppBarNav-root-1"
>
  <header
    className="MuiPaper-root-11 MuiPaper-elevation4-17 MuiAppBar-root-2 MuiAppBar-positionStatic-6 MuiAppBar-colorDefault-8"
  >
    <div
      className="MuiToolbar-root-38 MuiToolbar-regular-40 MuiToolbar-gutters-39"
    >
      <h6
        className="MuiTypography-root-42 MuiTypography-h6-59 MuiTypography-colorInherit-71"
      >
        Community Garden Tools
      </h6>
    </div>
  </header>
</div>
`;
